// Jest Snapshot v1, https://goo.gl/fbAQLP

exports[`_get_shortened_url takes a string and returns compressed data consistently 1`] = `"version=1.0&d=%3D&compressed=bG9yZW0gaXBzdW0="`;
