// Jest Snapshot v1, https://goo.gl/fbAQLP

exports[`unzip can decompress data correctly 1`] = `"indexes=0%2C1%2C2%2C3%2C4%2C5%2C6%2C7%2C8%2C9%2C10&comment0=+%3Bconfig+%3D+open+this+page&func0=STRING&skeyValue0=%60%3Bconfig&option0=OpenConfig&comment1=%22%3Bimplies%22+is+replaced+with+an+arrow&func1=STRING&skeyValue1=%3Bimplies&input1=0x2192&option1=SendUnicodeChar&comment2=%22%3Bdegree%22+is+replaced+with+an+degree+symbol&func2=STRING&skeyValue2=%3Bdegree&input2=0x00b0&option2=SendUnicodeChar&comment3=%22%3Bcheck%22+is+replaced+with+a+check+mark&func3=STRING&skeyValue3=%3Bcheck&input3=0x2713&option3=SendUnicodeChar&comment4=%22%3Bfrown%22+is+replaced+with+a+unicode+frown&func4=STRING&skeyValue4=%3Bfrown&input4=0x2639&option4=SendUnicodeChar&comment5=%22%3Bsmile%22+is+replaced+with+a+unicode+smile&func5=STRING&skeyValue5=%3Bsmile&input5=0x263A&option5=SendUnicodeChar&comment6=%22%3Btheta%22+is+replaced+with+%CE%B8&func6=STRING&skeyValue6=%3Btheta&input6=0x03B8&option6=SendUnicodeChar&comment7=%22%3Bpi%22+is+replaced+with+%CF%80&func7=STRING&skeyValue7=%3Bpi&input7=0x03C0&option7=SendUnicodeChar&comment8=%22%3Bcents%22+is+replaced+with+a+cents+symbol&func8=STRING&skeyValue8=%3Bcents&input8=0x00A2&option8=SendUnicodeChar&comment9=%22%3Bdict%22+%3D+open+dictionay.com&func9=STRING&skeyValue9=%3Bdict&Window9=dictionary.com&Program9=http%3A%2F%2Fdictionary.reference.com%2F&option9=ActivateOrOpenChrome&comment10=SHIFT+%2B+Wheel+%3D+fast+scroll&func10=KEY&skeyValue10=%24%2BWheelDown&input10=%7BWheelDown+5%7D&option10=Send"`;

exports[`unzip can decompress data to match original 1`] = `"exampleconfig=1&length=10&comment0=+%3Bconfig+%3D+open+this+page&func0=STRING&skeyValue0=%60%3Bconfig&option0=OpenConfig&comment1=%22%3Bimplies%22+is+replaced+with+an+arrow&func1=STRING&skeyValue1=%3Bimplies&input1=0x2192&option1=SendUnicodeChar&comment2=%22%3Bdegree%22+is+replaced+with+an+degree+symbol&func2=STRING&skeyValue2=%3Bdegree&input2=0x00b0&option2=SendUnicodeChar&comment3=%22%3Bcheck%22+is+replaced+with+a+check+mark&func3=STRING&skeyValue3=%3Bcheck&input3=0x2713&option3=SendUnicodeChar&comment4=%22%3Bfrown%22+is+replaced+with+a+unicode+frown&func4=STRING&skeyValue4=%3Bfrown&input4=0x2639&option4=SendUnicodeChar&comment5=%22%3Bsmile%22+is+replaced+with+a+unicode+smile&func5=STRING&skeyValue5=%3Bsmile&input5=0x263A&option5=SendUnicodeChar&comment6=%22%3Btheta%22+is+replaced+with+%CE%B8&func6=STRING&skeyValue6=%3Btheta&input6=0x03B8&option6=SendUnicodeChar&comment7=%22%3Bpi%22+is+replaced+with+%CF%80&func7=STRING&skeyValue7=%3Bpi&input7=0x03C0&option7=SendUnicodeChar&comment8=%22%3Bcents%22+is+replaced+with+a+cents+symbol&func8=STRING&skeyValue8=%3Bcents&input8=0x00A2&option8=SendUnicodeChar&comment9=%22%3Bdict%22+%3D+open+dictionay.com&func9=STRING&skeyValue9=%3Bdict&Window9=dictionary.com&Program9=http%3A%2F%2Fdictionary.reference.com%2F&option9=ActivateOrOpenChrome&comment10=SHIFT+%2B+Wheel+%3D+fast+scroll&func10=KEY&skeyValue10=%24%2BWheelDown&input10=%7BWheelDown+5%7D&option10=Send"`;

exports[`zip compresses consistently 1`] = `"version=1.0&d=\\"&compressed=QSBsaXR0bGUgYml0IG9mIGEgbG9uZyBzdHJpbmc="`;

exports[`zip compresses long strings with chars consistently 1`] = `"version=1.0&d=\\"&compressed=ZXhhbXBsZWNvbmZpZz0xJmxlbmd0aD0yMCZjb21tZW50MD0rJTNCxiArJTNEK29wZW4rdGhpcytwYWdlJmZ1bmMwPVNUUklORyZza2V5VmFsdWUwPSU2MMk4Jm9wdGlvbjA9T3BlbkPGE8dfMT0lMjIlM0JpbXBsaWVzJTIyK2lzK3JlcGxhY2VkK3dpdGgrYW4rYXJyb3fFbDHRbDE9ykAmaW5wdXQxPTB4MjE5Msd4MT1TZW5kVW5pY29kZUNoYXLIfTLHfWRlZ3JlZdh8xh4rc3ltYm9s5QCEMvEAhDLkAITGKeYAgzI9MHgwMGIw5wCDMvgAgzPnAINjaGVja/YAgivFHCttYXJrxX4z0X4zxH7FJsZ9M+QBADcxM8d9M9h9NMd9ZnJvd27XfXXGNyvFJOUAgDTxAIA05ACAxiHlAIA05ACANjM55wCANPgAgDXnAIBzbWls9wF/6QCAxSTlAIA18QCANeQAgMYh5QCANeYAgEHnAIA1+ACANucAgHRoZXRh9QCAJUNFJUI4xXc20Xc2xHfFPMZ3NuQB9DNCOMd3Nth3N8d3cGnXdEYlODDFdDfRdDfEdHBpxnE3xXFD6AJlN9hxOMdxY2VudPcDYyvFHOwC5TjRfDjEfMUoxn84xH8wQegDZzjYfznHf2RpY3TEfukERsQRaW9uYXkuY29txXU50XU5xHXEKSZXaW5kb3c5Pcg2csY3UHJvZ3JhbTk9aHR0cCUzQSUyRiUyRsslcmVmZXJlbmNlxC8lMkbnAK85PUFjdGl2YXRlT3LlBJhocm9tZekEmDA9U0hJRlQrJTJCK1doZWVs5QC3ZmFzdCtzY3JvbOYBJTEwPUtFWesEjDA9JTI0JTJCxTNE6QMSxBg3yhUrNSU3ROgEnjDlATjJeTE9xloxz1rkBSrJWlVwx1gxyVhVcM1W5gT1yVYyPUNUUkzlAM5BbHTFCGPlANLEIWFuZCtwcm9tcHTGezLJezEyJTVCJTVExT7OEkFMVOsAnjI9Y+cBoTEyPWFoa19leGUrY21kLmV4ZegBo8QlbWToAKEy7wGA6QCrM/IAq27lAKtub3RlcGFkJTJCJTJC5gCqM+oAqjPxAKrIEu4AqjM9bugAqjM9LStOzVXoAKozPc1t5QDG5wC4M/gAuDTyALhp5gFj5QJaKyUyOGludGVybmV0JTI55gDANOoAwDTxAMDIEu4AwDQ9aegAwDQ9LStHb29nbGUr5wK+6ADAND3GdewAuTT4ALk18gC5d+UAuVdvcmTmAKg16gCoNfEAqMgS7gCoNT136ACoNT0txkzoAJ81PVdJTldPUukCrjX4AJw28gCcZeUAnEV4Y2XnA4Q26gCdNvEAncgS7gCdNj1l6ACdNj0tx03oAJ42PWXEEOwBPDb4AKA36gCgU2hpZuYAouYJKXNlYXJjaOgBoWZvcit0aGUraGlnaGxpZ2h0ZWQrdGV45wNyN+oAwzfxAMPIEuUEkesAxTc9ZyZDb2TECSUwRCUwQeQD8iUyQyslNUVjxxJsZWVwKzUwxg5SdW7EH+0FKXd3dy5n5QCj5wUf5gC3JTNGcSUzRCUyNWNsaXBib2FyZCUyNcdHZXR1cm7oARs3PUN1c3RvbekBEzjyAbN25QERVmlzdWFsK1N0dWRpb+YA+DjqAPg48QD4yBLuAbs4PXboAbs4Pc5T6AHBOD1kZXZlbnbsAcI4+AHCOfIAr3DlAK9wdXR0eeYApznqAKc58QCnyBLuAKc5PXDoAKc56QURxVPtBRM5PUPkAYs1Q8cRK0ZpbGVz5AQseDg2JTI5xBp1VFRZJTVDyj3nANPwBsI="`;
